---
source: tests/snippets_tests.rs
input_file: tests/snippets/lexer/main.lemon
---
- entry 1:
    range: 0..3
    token: Let
    lexeme: let
- entry 2:
    range: 4..7
    token: Ident
    lexeme: mem
- entry 3:
    range: 8..9
    token: Assign
    lexeme: =
- entry 4:
    range: 10..16
    token: Import
    lexeme: import
- entry 5:
    range: 16..17
    token: LParen
    lexeme: (
- entry 6:
    range: 17..29
    token: String
    lexeme: "std/mem.ln"
- entry 7:
    range: 29..30
    token: RParen
    lexeme: )
- entry 8:
    range: 30..31
    token: Semi
    lexeme: ;
- entry 9:
    range: 32..35
    token: Let
    lexeme: let
- entry 10:
    range: 36..38
    token: Ident
    lexeme: io
- entry 11:
    range: 39..40
    token: Assign
    lexeme: =
- entry 12:
    range: 41..47
    token: Import
    lexeme: import
- entry 13:
    range: 47..48
    token: LParen
    lexeme: (
- entry 14:
    range: 48..59
    token: String
    lexeme: "std/io.ln"
- entry 15:
    range: 59..60
    token: RParen
    lexeme: )
- entry 16:
    range: 60..61
    token: Semi
    lexeme: ;
- entry 17:
    range: 63..65
    token: Fn
    lexeme: fn
- entry 18:
    range: 66..71
    token: Ident
    lexeme: merge
- entry 19:
    range: 71..72
    token: LParen
    lexeme: (
- entry 20:
    range: 72..76
    token: Ident
    lexeme: left
- entry 21:
    range: 76..77
    token: Colon
    lexeme: :
- entry 22:
    range: 78..79
    token: And
    lexeme: &
- entry 23:
    range: 79..80
    token: LBracket
    lexeme: [
- entry 24:
    range: 80..83
    token: I32Type
    lexeme: i32
- entry 25:
    range: 83..84
    token: RBracket
    lexeme: ]
- entry 26:
    range: 84..85
    token: Comma
    lexeme: ,
- entry 27:
    range: 86..91
    token: Ident
    lexeme: right
- entry 28:
    range: 91..92
    token: Colon
    lexeme: :
- entry 29:
    range: 93..94
    token: And
    lexeme: &
- entry 30:
    range: 94..95
    token: LBracket
    lexeme: [
- entry 31:
    range: 95..98
    token: I32Type
    lexeme: i32
- entry 32:
    range: 98..99
    token: RBracket
    lexeme: ]
- entry 33:
    range: 99..100
    token: RParen
    lexeme: )
- entry 34:
    range: 100..101
    token: Colon
    lexeme: :
- entry 35:
    range: 102..103
    token: And
    lexeme: &
- entry 36:
    range: 103..104
    token: LBracket
    lexeme: [
- entry 37:
    range: 104..107
    token: I32Type
    lexeme: i32
- entry 38:
    range: 107..108
    token: RBracket
    lexeme: ]
- entry 39:
    range: 109..110
    token: Assign
    lexeme: =
- entry 40:
    range: 111..112
    token: LBrace
    lexeme: {
- entry 41:
    range: 115..118
    token: Let
    lexeme: let
- entry 42:
    range: 119..125
    token: Ident
    lexeme: result
- entry 43:
    range: 126..127
    token: Assign
    lexeme: =
- entry 44:
    range: 128..131
    token: Ident
    lexeme: mem
- entry 45:
    range: 131..132
    token: Dot
    lexeme: .
- entry 46:
    range: 132..135
    token: Ident
    lexeme: own
- entry 47:
    range: 135..136
    token: LParen
    lexeme: (
- entry 48:
    range: 136..137
    token: LBracket
    lexeme: [
- entry 49:
    range: 137..138
    token: RBracket
    lexeme: ]
- entry 50:
    range: 138..139
    token: RParen
    lexeme: )
- entry 51:
    range: 139..140
    token: Semi
    lexeme: ;
- entry 52:
    range: 144..147
    token: Let
    lexeme: let
- entry 53:
    range: 148..151
    token: Mut
    lexeme: mut
- entry 54:
    range: 152..153
    token: Ident
    lexeme: l
- entry 55:
    range: 154..155
    token: Assign
    lexeme: =
- entry 56:
    range: 156..157
    token: Decimal
    lexeme: 0
- entry 57:
    range: 157..158
    token: Semi
    lexeme: ;
- entry 58:
    range: 161..164
    token: Let
    lexeme: let
- entry 59:
    range: 165..168
    token: Mut
    lexeme: mut
- entry 60:
    range: 169..170
    token: Ident
    lexeme: r
- entry 61:
    range: 171..172
    token: Assign
    lexeme: =
- entry 62:
    range: 173..174
    token: Decimal
    lexeme: 0
- entry 63:
    range: 174..175
    token: Semi
    lexeme: ;
- entry 64:
    range: 180..185
    token: While
    lexeme: while
- entry 65:
    range: 186..187
    token: Ident
    lexeme: l
- entry 66:
    range: 188..189
    token: Less
    lexeme: <
- entry 67:
    range: 190..194
    token: Ident
    lexeme: left
- entry 68:
    range: 194..195
    token: Dot
    lexeme: .
- entry 69:
    range: 195..198
    token: Ident
    lexeme: len
- entry 70:
    range: 198..199
    token: LParen
    lexeme: (
- entry 71:
    range: 199..200
    token: RParen
    lexeme: )
- entry 72:
    range: 201..203
    token: AndAnd
    lexeme: &&
- entry 73:
    range: 204..205
    token: Ident
    lexeme: r
- entry 74:
    range: 206..207
    token: Less
    lexeme: <
- entry 75:
    range: 208..213
    token: Ident
    lexeme: right
- entry 76:
    range: 213..214
    token: Dot
    lexeme: .
- entry 77:
    range: 214..217
    token: Ident
    lexeme: len
- entry 78:
    range: 217..218
    token: LParen
    lexeme: (
- entry 79:
    range: 218..219
    token: RParen
    lexeme: )
- entry 80:
    range: 220..221
    token: LBrace
    lexeme: {
- entry 81:
    range: 226..229
    token: Let
    lexeme: let
- entry 82:
    range: 230..232
    token: Ident
    lexeme: lv
- entry 83:
    range: 233..234
    token: Assign
    lexeme: =
- entry 84:
    range: 235..238
    token: Ident
    lexeme: mem
- entry 85:
    range: 238..239
    token: Dot
    lexeme: .
- entry 86:
    range: 239..245
    token: Ident
    lexeme: borrow
- entry 87:
    range: 245..246
    token: LParen
    lexeme: (
- entry 88:
    range: 246..250
    token: Ident
    lexeme: left
- entry 89:
    range: 251..252
    token: Plus
    lexeme: +
- entry 90:
    range: 253..254
    token: Ident
    lexeme: l
- entry 91:
    range: 254..255
    token: RParen
    lexeme: )
- entry 92:
    range: 255..256
    token: Semi
    lexeme: ;
- entry 93:
    range: 261..264
    token: Let
    lexeme: let
- entry 94:
    range: 265..267
    token: Ident
    lexeme: rv
- entry 95:
    range: 268..269
    token: Assign
    lexeme: =
- entry 96:
    range: 270..273
    token: Ident
    lexeme: mem
- entry 97:
    range: 273..274
    token: Dot
    lexeme: .
- entry 98:
    range: 274..280
    token: Ident
    lexeme: borrow
- entry 99:
    range: 280..281
    token: LParen
    lexeme: (
- entry 100:
    range: 281..286
    token: Ident
    lexeme: right
- entry 101:
    range: 287..288
    token: Plus
    lexeme: +
- entry 102:
    range: 289..290
    token: Ident
    lexeme: r
- entry 103:
    range: 290..291
    token: RParen
    lexeme: )
- entry 104:
    range: 291..292
    token: Semi
    lexeme: ;
- entry 105:
    range: 298..300
    token: If
    lexeme: if
- entry 106:
    range: 301..302
    token: Star
    lexeme: *
- entry 107:
    range: 302..304
    token: Ident
    lexeme: lv
- entry 108:
    range: 305..307
    token: LessEq
    lexeme: <=
- entry 109:
    range: 308..309
    token: Star
    lexeme: *
- entry 110:
    range: 309..311
    token: Ident
    lexeme: rv
- entry 111:
    range: 312..313
    token: LBrace
    lexeme: {
- entry 112:
    range: 320..326
    token: Ident
    lexeme: result
- entry 113:
    range: 326..327
    token: Dot
    lexeme: .
- entry 114:
    range: 327..331
    token: Ident
    lexeme: push
- entry 115:
    range: 331..332
    token: LParen
    lexeme: (
- entry 116:
    range: 332..335
    token: Ident
    lexeme: mem
- entry 117:
    range: 335..336
    token: Dot
    lexeme: .
- entry 118:
    range: 336..340
    token: Ident
    lexeme: copy
- entry 119:
    range: 340..341
    token: LParen
    lexeme: (
- entry 120:
    range: 341..342
    token: Star
    lexeme: *
- entry 121:
    range: 342..344
    token: Ident
    lexeme: lv
- entry 122:
    range: 344..345
    token: RParen
    lexeme: )
- entry 123:
    range: 345..346
    token: RParen
    lexeme: )
- entry 124:
    range: 346..347
    token: Semi
    lexeme: ;
- entry 125:
    range: 354..355
    token: Ident
    lexeme: l
- entry 126:
    range: 356..357
    token: Assign
    lexeme: =
- entry 127:
    range: 358..359
    token: Ident
    lexeme: l
- entry 128:
    range: 360..361
    token: Plus
    lexeme: +
- entry 129:
    range: 362..363
    token: Decimal
    lexeme: 1
- entry 130:
    range: 363..364
    token: Semi
    lexeme: ;
- entry 131:
    range: 369..370
    token: RBrace
    lexeme: }
- entry 132:
    range: 371..375
    token: Else
    lexeme: else
- entry 133:
    range: 376..377
    token: LBrace
    lexeme: {
- entry 134:
    range: 384..390
    token: Ident
    lexeme: result
- entry 135:
    range: 390..391
    token: Dot
    lexeme: .
- entry 136:
    range: 391..395
    token: Ident
    lexeme: push
- entry 137:
    range: 395..396
    token: LParen
    lexeme: (
- entry 138:
    range: 396..399
    token: Ident
    lexeme: mem
- entry 139:
    range: 399..400
    token: Dot
    lexeme: .
- entry 140:
    range: 400..404
    token: Ident
    lexeme: copy
- entry 141:
    range: 404..405
    token: LParen
    lexeme: (
- entry 142:
    range: 405..406
    token: Star
    lexeme: *
- entry 143:
    range: 406..408
    token: Ident
    lexeme: rv
- entry 144:
    range: 408..409
    token: RParen
    lexeme: )
- entry 145:
    range: 409..410
    token: RParen
    lexeme: )
- entry 146:
    range: 410..411
    token: Semi
    lexeme: ;
- entry 147:
    range: 418..419
    token: Ident
    lexeme: r
- entry 148:
    range: 420..421
    token: Assign
    lexeme: =
- entry 149:
    range: 422..423
    token: Ident
    lexeme: r
- entry 150:
    range: 424..425
    token: Plus
    lexeme: +
- entry 151:
    range: 426..427
    token: Decimal
    lexeme: 1
- entry 152:
    range: 427..428
    token: Semi
    lexeme: ;
- entry 153:
    range: 433..434
    token: RBrace
    lexeme: }
- entry 154:
    range: 440..443
    token: Ident
    lexeme: mem
- entry 155:
    range: 443..444
    token: Dot
    lexeme: .
- entry 156:
    range: 444..447
    token: Ident
    lexeme: end
- entry 157:
    range: 447..448
    token: LParen
    lexeme: (
- entry 158:
    range: 448..450
    token: Ident
    lexeme: lv
- entry 159:
    range: 450..451
    token: RParen
    lexeme: )
- entry 160:
    range: 451..452
    token: Semi
    lexeme: ;
- entry 161:
    range: 457..460
    token: Ident
    lexeme: mem
- entry 162:
    range: 460..461
    token: Dot
    lexeme: .
- entry 163:
    range: 461..464
    token: Ident
    lexeme: end
- entry 164:
    range: 464..465
    token: LParen
    lexeme: (
- entry 165:
    range: 465..467
    token: Ident
    lexeme: rv
- entry 166:
    range: 467..468
    token: RParen
    lexeme: )
- entry 167:
    range: 468..469
    token: Semi
    lexeme: ;
- entry 168:
    range: 472..473
    token: RBrace
    lexeme: }
- entry 169:
    range: 478..483
    token: While
    lexeme: while
- entry 170:
    range: 484..485
    token: Ident
    lexeme: l
- entry 171:
    range: 486..487
    token: Less
    lexeme: <
- entry 172:
    range: 488..492
    token: Ident
    lexeme: left
- entry 173:
    range: 492..493
    token: Dot
    lexeme: .
- entry 174:
    range: 493..496
    token: Ident
    lexeme: len
- entry 175:
    range: 496..497
    token: LParen
    lexeme: (
- entry 176:
    range: 497..498
    token: RParen
    lexeme: )
- entry 177:
    range: 499..500
    token: LBrace
    lexeme: {
- entry 178:
    range: 505..508
    token: Let
    lexeme: let
- entry 179:
    range: 509..511
    token: Ident
    lexeme: lv
- entry 180:
    range: 512..513
    token: Assign
    lexeme: =
- entry 181:
    range: 514..517
    token: Ident
    lexeme: mem
- entry 182:
    range: 517..518
    token: Dot
    lexeme: .
- entry 183:
    range: 518..524
    token: Ident
    lexeme: borrow
- entry 184:
    range: 524..525
    token: LParen
    lexeme: (
- entry 185:
    range: 525..529
    token: Ident
    lexeme: left
- entry 186:
    range: 530..531
    token: Plus
    lexeme: +
- entry 187:
    range: 532..533
    token: Ident
    lexeme: l
- entry 188:
    range: 533..534
    token: RParen
    lexeme: )
- entry 189:
    range: 534..535
    token: Semi
    lexeme: ;
- entry 190:
    range: 540..546
    token: Ident
    lexeme: result
- entry 191:
    range: 546..547
    token: Dot
    lexeme: .
- entry 192:
    range: 547..551
    token: Ident
    lexeme: push
- entry 193:
    range: 551..552
    token: LParen
    lexeme: (
- entry 194:
    range: 552..555
    token: Ident
    lexeme: mem
- entry 195:
    range: 555..556
    token: Dot
    lexeme: .
- entry 196:
    range: 556..560
    token: Ident
    lexeme: copy
- entry 197:
    range: 560..561
    token: LParen
    lexeme: (
- entry 198:
    range: 561..562
    token: Star
    lexeme: *
- entry 199:
    range: 562..564
    token: Ident
    lexeme: lv
- entry 200:
    range: 564..565
    token: RParen
    lexeme: )
- entry 201:
    range: 565..566
    token: RParen
    lexeme: )
- entry 202:
    range: 566..567
    token: Semi
    lexeme: ;
- entry 203:
    range: 572..573
    token: Ident
    lexeme: l
- entry 204:
    range: 574..575
    token: Assign
    lexeme: =
- entry 205:
    range: 576..577
    token: Ident
    lexeme: l
- entry 206:
    range: 578..579
    token: Plus
    lexeme: +
- entry 207:
    range: 580..581
    token: Decimal
    lexeme: 1
- entry 208:
    range: 581..582
    token: Semi
    lexeme: ;
- entry 209:
    range: 587..590
    token: Ident
    lexeme: mem
- entry 210:
    range: 590..591
    token: Dot
    lexeme: .
- entry 211:
    range: 591..594
    token: Ident
    lexeme: end
- entry 212:
    range: 594..595
    token: LParen
    lexeme: (
- entry 213:
    range: 595..597
    token: Ident
    lexeme: lv
- entry 214:
    range: 597..598
    token: RParen
    lexeme: )
- entry 215:
    range: 598..599
    token: Semi
    lexeme: ;
- entry 216:
    range: 602..603
    token: RBrace
    lexeme: }
- entry 217:
    range: 608..613
    token: While
    lexeme: while
- entry 218:
    range: 614..615
    token: Ident
    lexeme: r
- entry 219:
    range: 616..617
    token: Less
    lexeme: <
- entry 220:
    range: 618..623
    token: Ident
    lexeme: right
- entry 221:
    range: 623..624
    token: Dot
    lexeme: .
- entry 222:
    range: 624..627
    token: Ident
    lexeme: len
- entry 223:
    range: 627..628
    token: LParen
    lexeme: (
- entry 224:
    range: 628..629
    token: RParen
    lexeme: )
- entry 225:
    range: 630..631
    token: LBrace
    lexeme: {
- entry 226:
    range: 636..639
    token: Let
    lexeme: let
- entry 227:
    range: 640..642
    token: Ident
    lexeme: rv
- entry 228:
    range: 643..644
    token: Assign
    lexeme: =
- entry 229:
    range: 645..648
    token: Ident
    lexeme: mem
- entry 230:
    range: 648..649
    token: Dot
    lexeme: .
- entry 231:
    range: 649..655
    token: Ident
    lexeme: borrow
- entry 232:
    range: 655..656
    token: LParen
    lexeme: (
- entry 233:
    range: 656..661
    token: Ident
    lexeme: right
- entry 234:
    range: 662..663
    token: Plus
    lexeme: +
- entry 235:
    range: 664..665
    token: Ident
    lexeme: r
- entry 236:
    range: 665..666
    token: RParen
    lexeme: )
- entry 237:
    range: 666..667
    token: Semi
    lexeme: ;
- entry 238:
    range: 672..678
    token: Ident
    lexeme: result
- entry 239:
    range: 678..679
    token: Dot
    lexeme: .
- entry 240:
    range: 679..683
    token: Ident
    lexeme: push
- entry 241:
    range: 683..684
    token: LParen
    lexeme: (
- entry 242:
    range: 684..687
    token: Ident
    lexeme: mem
- entry 243:
    range: 687..688
    token: Dot
    lexeme: .
- entry 244:
    range: 688..692
    token: Ident
    lexeme: copy
- entry 245:
    range: 692..693
    token: LParen
    lexeme: (
- entry 246:
    range: 693..694
    token: Star
    lexeme: *
- entry 247:
    range: 694..696
    token: Ident
    lexeme: rv
- entry 248:
    range: 696..697
    token: RParen
    lexeme: )
- entry 249:
    range: 697..698
    token: RParen
    lexeme: )
- entry 250:
    range: 698..699
    token: Semi
    lexeme: ;
- entry 251:
    range: 704..705
    token: Ident
    lexeme: r
- entry 252:
    range: 706..707
    token: Assign
    lexeme: =
- entry 253:
    range: 708..709
    token: Ident
    lexeme: r
- entry 254:
    range: 710..711
    token: Plus
    lexeme: +
- entry 255:
    range: 712..713
    token: Decimal
    lexeme: 1
- entry 256:
    range: 713..714
    token: Semi
    lexeme: ;
- entry 257:
    range: 719..722
    token: Ident
    lexeme: mem
- entry 258:
    range: 722..723
    token: Dot
    lexeme: .
- entry 259:
    range: 723..726
    token: Ident
    lexeme: end
- entry 260:
    range: 726..727
    token: LParen
    lexeme: (
- entry 261:
    range: 727..729
    token: Ident
    lexeme: rv
- entry 262:
    range: 729..730
    token: RParen
    lexeme: )
- entry 263:
    range: 730..731
    token: Semi
    lexeme: ;
- entry 264:
    range: 734..735
    token: RBrace
    lexeme: }
- entry 265:
    range: 739..745
    token: Ret
    lexeme: return
- entry 266:
    range: 746..747
    token: Star
    lexeme: *
- entry 267:
    range: 747..753
    token: Ident
    lexeme: result
- entry 268:
    range: 753..754
    token: Semi
    lexeme: ;
- entry 269:
    range: 755..756
    token: RBrace
    lexeme: }
- entry 270:
    range: 759..761
    token: Fn
    lexeme: fn
- entry 271:
    range: 762..772
    token: Ident
    lexeme: merge_sort
- entry 272:
    range: 772..773
    token: LParen
    lexeme: (
- entry 273:
    range: 773..776
    token: Ident
    lexeme: arr
- entry 274:
    range: 776..777
    token: Colon
    lexeme: :
- entry 275:
    range: 778..779
    token: And
    lexeme: &
- entry 276:
    range: 779..780
    token: LBracket
    lexeme: [
- entry 277:
    range: 780..783
    token: I32Type
    lexeme: i32
- entry 278:
    range: 783..784
    token: RBracket
    lexeme: ]
- entry 279:
    range: 784..785
    token: RParen
    lexeme: )
- entry 280:
    range: 785..786
    token: Colon
    lexeme: :
- entry 281:
    range: 787..788
    token: And
    lexeme: &
- entry 282:
    range: 788..789
    token: LBracket
    lexeme: [
- entry 283:
    range: 789..792
    token: I32Type
    lexeme: i32
- entry 284:
    range: 792..793
    token: RBracket
    lexeme: ]
- entry 285:
    range: 794..795
    token: Assign
    lexeme: =
- entry 286:
    range: 796..797
    token: LBrace
    lexeme: {
- entry 287:
    range: 800..802
    token: If
    lexeme: if
- entry 288:
    range: 803..806
    token: Ident
    lexeme: arr
- entry 289:
    range: 806..807
    token: Dot
    lexeme: .
- entry 290:
    range: 807..810
    token: Ident
    lexeme: len
- entry 291:
    range: 810..811
    token: LParen
    lexeme: (
- entry 292:
    range: 811..812
    token: RParen
    lexeme: )
- entry 293:
    range: 813..815
    token: LessEq
    lexeme: <=
- entry 294:
    range: 816..817
    token: Decimal
    lexeme: 1
- entry 295:
    range: 818..819
    token: LBrace
    lexeme: {
- entry 296:
    range: 824..830
    token: Ret
    lexeme: return
- entry 297:
    range: 831..834
    token: Ident
    lexeme: arr
- entry 298:
    range: 834..835
    token: Semi
    lexeme: ;
- entry 299:
    range: 838..839
    token: RBrace
    lexeme: }
- entry 300:
    range: 843..846
    token: Let
    lexeme: let
- entry 301:
    range: 847..850
    token: Ident
    lexeme: mid
- entry 302:
    range: 851..852
    token: Assign
    lexeme: =
- entry 303:
    range: 853..856
    token: Ident
    lexeme: arr
- entry 304:
    range: 856..857
    token: Dot
    lexeme: .
- entry 305:
    range: 857..860
    token: Ident
    lexeme: len
- entry 306:
    range: 860..861
    token: LParen
    lexeme: (
- entry 307:
    range: 861..862
    token: RParen
    lexeme: )
- entry 308:
    range: 863..864
    token: Slash
    lexeme: /
- entry 309:
    range: 865..866
    token: Decimal
    lexeme: 2
- entry 310:
    range: 866..867
    token: Semi
    lexeme: ;
- entry 311:
    range: 871..874
    token: Let
    lexeme: let
- entry 312:
    range: 875..879
    token: Ident
    lexeme: left
- entry 313:
    range: 880..881
    token: Assign
    lexeme: =
- entry 314:
    range: 882..885
    token: Ident
    lexeme: mem
- entry 315:
    range: 885..886
    token: Dot
    lexeme: .
- entry 316:
    range: 886..892
    token: Ident
    lexeme: borrow
- entry 317:
    range: 892..893
    token: LParen
    lexeme: (
- entry 318:
    range: 893..896
    token: Ident
    lexeme: arr
- entry 319:
    range: 897..898
    token: Plus
    lexeme: +
- entry 320:
    range: 899..901
    token: DotDot
    lexeme: ..
- entry 321:
    range: 901..904
    token: Ident
    lexeme: mid
- entry 322:
    range: 904..905
    token: RParen
    lexeme: )
- entry 323:
    range: 905..906
    token: Semi
    lexeme: ;
- entry 324:
    range: 909..912
    token: Let
    lexeme: let
- entry 325:
    range: 913..918
    token: Ident
    lexeme: right
- entry 326:
    range: 919..920
    token: Assign
    lexeme: =
- entry 327:
    range: 921..924
    token: Ident
    lexeme: mem
- entry 328:
    range: 924..925
    token: Dot
    lexeme: .
- entry 329:
    range: 925..931
    token: Ident
    lexeme: borrow
- entry 330:
    range: 931..932
    token: LParen
    lexeme: (
- entry 331:
    range: 932..935
    token: Ident
    lexeme: arr
- entry 332:
    range: 936..937
    token: Plus
    lexeme: +
- entry 333:
    range: 938..941
    token: Ident
    lexeme: mid
- entry 334:
    range: 941..943
    token: DotDot
    lexeme: ..
- entry 335:
    range: 943..944
    token: RParen
    lexeme: )
- entry 336:
    range: 944..945
    token: Semi
    lexeme: ;
- entry 337:
    range: 949..952
    token: Let
    lexeme: let
- entry 338:
    range: 953..964
    token: Ident
    lexeme: sorted_left
- entry 339:
    range: 965..966
    token: Assign
    lexeme: =
- entry 340:
    range: 967..970
    token: Ident
    lexeme: mem
- entry 341:
    range: 970..971
    token: Dot
    lexeme: .
- entry 342:
    range: 971..974
    token: Ident
    lexeme: own
- entry 343:
    range: 974..975
    token: LParen
    lexeme: (
- entry 344:
    range: 975..985
    token: Ident
    lexeme: merge_sort
- entry 345:
    range: 985..986
    token: LParen
    lexeme: (
- entry 346:
    range: 986..987
    token: Star
    lexeme: *
- entry 347:
    range: 987..991
    token: Ident
    lexeme: left
- entry 348:
    range: 991..992
    token: RParen
    lexeme: )
- entry 349:
    range: 992..993
    token: RParen
    lexeme: )
- entry 350:
    range: 993..994
    token: Semi
    lexeme: ;
- entry 351:
    range: 997..1000
    token: Let
    lexeme: let
- entry 352:
    range: 1001..1013
    token: Ident
    lexeme: sorted_right
- entry 353:
    range: 1014..1015
    token: Assign
    lexeme: =
- entry 354:
    range: 1016..1019
    token: Ident
    lexeme: mem
- entry 355:
    range: 1019..1020
    token: Dot
    lexeme: .
- entry 356:
    range: 1020..1023
    token: Ident
    lexeme: own
- entry 357:
    range: 1023..1024
    token: LParen
    lexeme: (
- entry 358:
    range: 1024..1034
    token: Ident
    lexeme: merge_sort
- entry 359:
    range: 1034..1035
    token: LParen
    lexeme: (
- entry 360:
    range: 1035..1036
    token: Star
    lexeme: *
- entry 361:
    range: 1036..1041
    token: Ident
    lexeme: right
- entry 362:
    range: 1041..1042
    token: RParen
    lexeme: )
- entry 363:
    range: 1042..1043
    token: RParen
    lexeme: )
- entry 364:
    range: 1043..1044
    token: Semi
    lexeme: ;
- entry 365:
    range: 1048..1051
    token: Let
    lexeme: let
- entry 366:
    range: 1052..1058
    token: Ident
    lexeme: result
- entry 367:
    range: 1059..1060
    token: Assign
    lexeme: =
- entry 368:
    range: 1061..1066
    token: Ident
    lexeme: merge
- entry 369:
    range: 1066..1067
    token: LParen
    lexeme: (
- entry 370:
    range: 1067..1068
    token: Star
    lexeme: *
- entry 371:
    range: 1068..1079
    token: Ident
    lexeme: sorted_left
- entry 372:
    range: 1079..1080
    token: Comma
    lexeme: ,
- entry 373:
    range: 1081..1082
    token: Star
    lexeme: *
- entry 374:
    range: 1082..1094
    token: Ident
    lexeme: sorted_right
- entry 375:
    range: 1094..1095
    token: RParen
    lexeme: )
- entry 376:
    range: 1095..1096
    token: Semi
    lexeme: ;
- entry 377:
    range: 1100..1103
    token: Ident
    lexeme: mem
- entry 378:
    range: 1103..1104
    token: Dot
    lexeme: .
- entry 379:
    range: 1104..1107
    token: Ident
    lexeme: end
- entry 380:
    range: 1107..1108
    token: LParen
    lexeme: (
- entry 381:
    range: 1108..1119
    token: Ident
    lexeme: sorted_left
- entry 382:
    range: 1119..1120
    token: RParen
    lexeme: )
- entry 383:
    range: 1120..1121
    token: Semi
    lexeme: ;
- entry 384:
    range: 1124..1127
    token: Ident
    lexeme: mem
- entry 385:
    range: 1127..1128
    token: Dot
    lexeme: .
- entry 386:
    range: 1128..1131
    token: Ident
    lexeme: end
- entry 387:
    range: 1131..1132
    token: LParen
    lexeme: (
- entry 388:
    range: 1132..1144
    token: Ident
    lexeme: sorted_right
- entry 389:
    range: 1144..1145
    token: RParen
    lexeme: )
- entry 390:
    range: 1145..1146
    token: Semi
    lexeme: ;
- entry 391:
    range: 1149..1152
    token: Ident
    lexeme: mem
- entry 392:
    range: 1152..1153
    token: Dot
    lexeme: .
- entry 393:
    range: 1153..1156
    token: Ident
    lexeme: end
- entry 394:
    range: 1156..1157
    token: LParen
    lexeme: (
- entry 395:
    range: 1157..1161
    token: Ident
    lexeme: left
- entry 396:
    range: 1161..1162
    token: RParen
    lexeme: )
- entry 397:
    range: 1162..1163
    token: Semi
    lexeme: ;
- entry 398:
    range: 1166..1169
    token: Ident
    lexeme: mem
- entry 399:
    range: 1169..1170
    token: Dot
    lexeme: .
- entry 400:
    range: 1170..1173
    token: Ident
    lexeme: end
- entry 401:
    range: 1173..1174
    token: LParen
    lexeme: (
- entry 402:
    range: 1174..1179
    token: Ident
    lexeme: right
- entry 403:
    range: 1179..1180
    token: RParen
    lexeme: )
- entry 404:
    range: 1180..1181
    token: Semi
    lexeme: ;
- entry 405:
    range: 1185..1191
    token: Ret
    lexeme: return
- entry 406:
    range: 1192..1198
    token: Ident
    lexeme: result
- entry 407:
    range: 1198..1199
    token: Semi
    lexeme: ;
- entry 408:
    range: 1200..1201
    token: RBrace
    lexeme: }
- entry 409:
    range: 1204..1206
    token: Fn
    lexeme: fn
- entry 410:
    range: 1207..1211
    token: Ident
    lexeme: main
- entry 411:
    range: 1211..1212
    token: LParen
    lexeme: (
- entry 412:
    range: 1212..1213
    token: RParen
    lexeme: )
- entry 413:
    range: 1214..1215
    token: Assign
    lexeme: =
- entry 414:
    range: 1216..1217
    token: LBrace
    lexeme: {
- entry 415:
    range: 1220..1223
    token: Let
    lexeme: let
- entry 416:
    range: 1224..1227
    token: Ident
    lexeme: arr
- entry 417:
    range: 1228..1229
    token: Assign
    lexeme: =
- entry 418:
    range: 1230..1233
    token: Ident
    lexeme: mem
- entry 419:
    range: 1233..1234
    token: Dot
    lexeme: .
- entry 420:
    range: 1234..1237
    token: Ident
    lexeme: own
- entry 421:
    range: 1237..1238
    token: LParen
    lexeme: (
- entry 422:
    range: 1238..1239
    token: LBracket
    lexeme: [
- entry 423:
    range: 1239..1240
    token: Decimal
    lexeme: 5
- entry 424:
    range: 1240..1241
    token: Comma
    lexeme: ,
- entry 425:
    range: 1242..1243
    token: Decimal
    lexeme: 2
- entry 426:
    range: 1243..1244
    token: Comma
    lexeme: ,
- entry 427:
    range: 1245..1246
    token: Decimal
    lexeme: 9
- entry 428:
    range: 1246..1247
    token: Comma
    lexeme: ,
- entry 429:
    range: 1248..1249
    token: Decimal
    lexeme: 1
- entry 430:
    range: 1249..1250
    token: Comma
    lexeme: ,
- entry 431:
    range: 1251..1252
    token: Decimal
    lexeme: 5
- entry 432:
    range: 1252..1253
    token: Comma
    lexeme: ,
- entry 433:
    range: 1254..1255
    token: Decimal
    lexeme: 6
- entry 434:
    range: 1255..1256
    token: RBracket
    lexeme: ]
- entry 435:
    range: 1256..1257
    token: RParen
    lexeme: )
- entry 436:
    range: 1257..1258
    token: Semi
    lexeme: ;
- entry 437:
    range: 1262..1265
    token: Let
    lexeme: let
- entry 438:
    range: 1266..1272
    token: Ident
    lexeme: sorted
- entry 439:
    range: 1273..1274
    token: Assign
    lexeme: =
- entry 440:
    range: 1275..1285
    token: Ident
    lexeme: merge_sort
- entry 441:
    range: 1285..1286
    token: LParen
    lexeme: (
- entry 442:
    range: 1286..1287
    token: And
    lexeme: &
- entry 443:
    range: 1287..1290
    token: Ident
    lexeme: arr
- entry 444:
    range: 1290..1291
    token: RParen
    lexeme: )
- entry 445:
    range: 1291..1292
    token: Semi
    lexeme: ;
- entry 446:
    range: 1296..1298
    token: Ident
    lexeme: io
- entry 447:
    range: 1298..1299
    token: Dot
    lexeme: .
- entry 448:
    range: 1299..1306
    token: Ident
    lexeme: println
- entry 449:
    range: 1306..1307
    token: LParen
    lexeme: (
- entry 450:
    range: 1307..1317
    token: String
    lexeme: "Result: "
- entry 451:
    range: 1317..1318
    token: Comma
    lexeme: ,
- entry 452:
    range: 1319..1325
    token: Ident
    lexeme: sorted
- entry 453:
    range: 1325..1326
    token: RParen
    lexeme: )
- entry 454:
    range: 1326..1327
    token: Semi
    lexeme: ;
- entry 455:
    range: 1328..1329
    token: RBrace
    lexeme: }
